// Jest Snapshot v1, https://goo.gl/fbAQLP

exports[`renders correctly 1`] = `
.c0 {
  position: absolute;
  top: 0;
  left: 0;
  z-index: -1;
  width: 100vw;
  height: 100vh;
}

@media screen and (max-width:768px) {

}

<div
  class="c0"
  id="tsparticles"
>
  <canvas
    class="tsparticles-canvas-el"
    height="0"
    style="width: 100%; height: 100%;"
    width="0"
  />
</div>
`;
