// Jest Snapshot v1, https://goo.gl/fbAQLP

exports[`renders correctly 1`] = `
<footer
  className="sc-AxirZ DJfuB"
>
  <div>
    Â© 2019 Jacob Herper
    <br />
    Proudly built with
     
    <a
      href="https://gatsbyjs.org/"
      target="_blank"
    >
      Gatsby
    </a>
    .
  </div>
  <nav>
    <ul
      className="sc-AxjAm qarpn"
    >
      <li>
        <a
          href="https://github.com/jakeherp"
          target="_blank"
        >
          Github
        </a>
      </li>
      <li>
        <a
          href="https://www.linkedin.com/in/jacobherper/"
          target="_blank"
        >
          LinkedIn
        </a>
      </li>
      <li>
        <a
          href="https://twitter.com/jakeherp"
          target="_blank"
        >
          Twitter
        </a>
      </li>
    </ul>
  </nav>
</footer>
`;
