// Jest Snapshot v1, https://goo.gl/fbAQLP

exports[`renders correctly 1`] = `
<div
  className="sc-fznyAO kSnhdu"
>
  <header
    className="sc-fzozJi kJsjmA"
  >
    <nav
      className="sc-AxmLO fXsQHq"
      style={Object {}}
    >
      <div
        className="sc-Axmtr gmHbPc menu-background"
        style={
          Object {
            "clipPath": "circle(30px at 40px 40px)",
          }
        }
      />
      <ul
        className="sc-AxhUy UEUio"
        style={
          Object {
            "pointerEvents": "none",
          }
        }
      >
        <li
          className="sc-AxhCb fZppqZ"
          style={
            Object {
              "opacity": 0,
              "pointerEvents": "none",
              "transform": "translateY(50px) translateZ(0)",
            }
          }
        >
          <a
            className="sc-AxiKw lWkGB"
            href="/"
            onClick={[Function]}
          >
            Home
          </a>
        </li>
        <li
          className="sc-AxhCb fZppqZ"
          style={
            Object {
              "opacity": 0,
              "pointerEvents": "none",
              "transform": "translateY(50px) translateZ(0)",
            }
          }
        >
          <a
            className="sc-AxiKw lWkGB"
            href="/about"
            onClick={[Function]}
          >
            About
          </a>
        </li>
        <li
          className="sc-AxhCb fZppqZ"
          style={
            Object {
              "opacity": 0,
              "pointerEvents": "none",
              "transform": "translateY(50px) translateZ(0)",
            }
          }
        >
          <a
            className="sc-AxiKw lWkGB"
            href="/portfolio"
            onClick={[Function]}
          >
            Portfolio
          </a>
        </li>
        <li
          className="sc-AxhCb fZppqZ"
          style={
            Object {
              "opacity": 0,
              "pointerEvents": "none",
              "transform": "translateY(50px) translateZ(0)",
            }
          }
        >
          <a
            className="sc-AxiKw lWkGB"
            href="/contact"
            onClick={[Function]}
          >
            Contact
          </a>
        </li>
      </ul>
      <button
        className="sc-AxirZ eplEaP"
        data-testid="MenuToggle"
        onClick={[Function]}
      >
        <svg
          className="sc-AxjAm ccazzM"
          height="23"
          viewBox="0 0 23 23"
          width="23"
        >
          <path
            d="M 2 2.5 L 20 2.5"
            fill="transparent"
            stroke="hsl(0, 0%, 18%)"
            strokeLinecap="round"
            strokeWidth="3"
            style={Object {}}
          />
          <path
            d="M 2 9.423 L 20 9.423"
            fill="transparent"
            opacity={1}
            stroke="hsl(0, 0%, 18%)"
            strokeLinecap="round"
            strokeWidth="3"
            style={Object {}}
          />
          <path
            d="M 2 16.346 L 20 16.346"
            fill="transparent"
            stroke="hsl(0, 0%, 18%)"
            strokeLinecap="round"
            strokeWidth="3"
            style={Object {}}
          />
        </svg>
      </button>
    </nav>
    <h1>
      <a
        href="/"
      >
        &lt;Jacob Herper 
        <span
          className="sc-AxgMl zUWeM"
        >
          /
        </span>
        &gt;
      </a>
    </h1>
    <div
      className="sc-AxheI bXzVqW"
    >
      <
        aria-label="Light Mode"
        onClick={[Function]}
        role="button"
      />
    </div>
  </header>
  <main
    className="sc-fznKkj ccZzqh"
    style={
      Object {
        "opacity": 0,
      }
    }
  >
    <div />
  </main>
  <footer
    className="sc-fzplWN fykJfM"
  >
    <div>
      Â© 
      2020
       Jacob Herper
      <br />
      Proudly built with
       
      <a
        href="https://gatsbyjs.org/"
        rel="noopener noreferrer"
        target="_blank"
      >
        Gatsby
      </a>
      .
    </div>
    <nav>
      <ul
        className="sc-fzpans kQSOZk"
      >
        <li>
          <a
            href="https://github.com/jakeherp"
            rel="noopener noreferrer"
            target="_blank"
          >
            Github
          </a>
        </li>
        <li>
          <a
            href="https://www.linkedin.com/in/jacobherper/"
            rel="noopener noreferrer"
            target="_blank"
          >
            LinkedIn
          </a>
        </li>
        <li>
          <a
            href="https://twitter.com/jakeherp"
            rel="noopener noreferrer"
            target="_blank"
          >
            Twitter
          </a>
        </li>
      </ul>
    </nav>
  </footer>
</div>
`;
