// Jest Snapshot v1, https://goo.gl/fbAQLP

exports[`renders correctly 1`] = `
Array [
  <header
    className="sc-Axmtr vAmDl"
  >
    <nav
      className="sc-AxheI bghuai"
      style={Object {}}
    >
      <div
        className="sc-AxgMl iuknho menu-background"
        style={
          Object {
            "clipPath": "circle(30px at 40px 40px)",
          }
        }
      />
      <ul
        className="sc-AxiKw fxEEKp"
        style={Object {}}
      >
        <li
          className="sc-AxirZ fwlwcd"
          style={
            Object {
              "opacity": 0,
              "transform": "translateY(50px) translateZ(0)",
            }
          }
        >
          <a
            className="sc-fzpans fZtrjm"
            href="/"
            onClick={[Function]}
          >
            Home
          </a>
        </li>
        <li
          className="sc-AxirZ fwlwcd"
          style={
            Object {
              "opacity": 0,
              "transform": "translateY(50px) translateZ(0)",
            }
          }
        >
          <a
            className="sc-fzplWN cGaUmj"
            href="/about"
            onClick={[Function]}
          >
            About
          </a>
        </li>
        <li
          className="sc-AxirZ fwlwcd"
          style={
            Object {
              "opacity": 0,
              "transform": "translateY(50px) translateZ(0)",
            }
          }
        >
          <a
            className="sc-fznyAO hQfHIn"
            href="/portfolio"
            onClick={[Function]}
          >
            Portfolio
          </a>
        </li>
        <li
          className="sc-AxirZ fwlwcd"
          style={
            Object {
              "opacity": 0,
              "transform": "translateY(50px) translateZ(0)",
            }
          }
        >
          <a
            className="sc-fznKkj dXJDRS"
            href="/contact"
            onClick={[Function]}
          >
            Contact
          </a>
        </li>
      </ul>
      <button
        className="sc-AxjAm gbUQZY"
        onClick={[Function]}
      >
        <svg
          className="sc-fznZeY kzZUHc"
          height="23"
          viewBox="0 0 23 23"
          width="23"
        >
          <path
            d="M 2 2.5 L 20 2.5"
            fill="transparent"
            stroke="hsl(0, 0%, 18%)"
            strokeLinecap="round"
            strokeWidth="3"
            style={Object {}}
          />
          <path
            d="M 2 9.423 L 20 9.423"
            fill="transparent"
            opacity={1}
            stroke="hsl(0, 0%, 18%)"
            strokeLinecap="round"
            strokeWidth="3"
            style={Object {}}
          />
          <path
            d="M 2 16.346 L 20 16.346"
            fill="transparent"
            stroke="hsl(0, 0%, 18%)"
            strokeLinecap="round"
            strokeWidth="3"
            style={Object {}}
          />
        </svg>
      </button>
    </nav>
    <h1>
      <a
        href="/"
      >
        &lt;Jacob Herper 
        <span
          className="sc-AxhCb jVyyBD"
        >
          /
        </span>
        &gt;
      </a>
    </h1>
    <div
      className="sc-AxhUy bZHNWW"
    >
      <
        aria-label="Dark Mode"
        onClick={[Function]}
        role="button"
      />
    </div>
  </header>,
  <main
    style={
      Object {
        "opacity": 0,
      }
    }
  >
    <div />
  </main>,
  <footer
    className="sc-fzoLsD anhFY"
  >
    <div>
      Â© 2019 Jacob Herper
      <br />
      Proudly built with
       
      <a
        href="https://gatsbyjs.org/"
        target="_blank"
      >
        Gatsby
      </a>
      .
    </div>
    <nav>
      <ul
        className="sc-fzozJi dZPuzO"
      >
        <li>
          <a
            href="https://github.com/jakeherp"
            target="_blank"
          >
            Github
          </a>
        </li>
        <li>
          <a
            href="https://www.linkedin.com/in/jacobherper/"
            target="_blank"
          >
            LinkedIn
          </a>
        </li>
        <li>
          <a
            href="https://twitter.com/jakeherp"
            target="_blank"
          >
            Twitter
          </a>
        </li>
      </ul>
    </nav>
  </footer>,
]
`;
