// Jest Snapshot v1, https://goo.gl/fbAQLP

exports[`CaseStudy renders correctly 1`] = `
<div>
  <article
    class="mt-24 first-of-type:mt-0 transition md:hover:scale-[1.01]"
  >
    <a
      class="group"
      href="/case-studies/holland-and-barrett-subscriptions-service"
    >
      <div
        class="md:w-10/12 px-8 py-6 rounded-3xl glass-light dark:glass-dark mb-6 drop-shadow-lg hover:drop-shadow-2xl transition-all"
      >
        <div
          class="flex flex-col gap-4 md:flex-row"
        >
          <div
            class="flex flex-col md:w-1/2 h-full"
          >
            <h1
              class="text-xl md:text-3xl font-bold mb-2"
            >
              Subscriptions Service
            </h1>
            <div
              class="mb-4 flex gap-2 items-center"
            >
              <span
                style="box-sizing: border-box; display: inline-block; overflow: hidden; background: none; opacity: 1; border: 0px; margin: 0px; padding: 0px; position: relative; max-width: 100%;"
              >
                <span
                  style="box-sizing: border-box; display: block; background: none; opacity: 1; border: 0px; margin: 0px; padding: 0px; max-width: 100%;"
                >
                  <img
                    alt=""
                    aria-hidden="true"
                    src="data:image/svg+xml,%3csvg%20xmlns=%27http://www.w3.org/2000/svg%27%20version=%271.1%27%20width=%2732%27%20height=%2732%27/%3e"
                    style="display: block; max-width: 100%; background: none; opacity: 1; border: 0px; margin: 0px; padding: 0px;"
                  />
                </span>
                <img
                  alt="Holland & Barrett"
                  class="rounded-md"
                  data-nimg="intrinsic"
                  decoding="async"
                  src="data:image/gif;base64,R0lGODlhAQABAIAAAAAAAP///yH5BAEAAAAALAAAAAABAAEAAAIBRAA7"
                  style="position: absolute; top: 0px; left: 0px; bottom: 0px; right: 0px; box-sizing: border-box; padding: 0px; margin: auto; display: block; width: 0px; height: 0px; min-width: 100%; max-width: 100%; min-height: 100%; max-height: 100%;"
                />
                <noscript />
              </span>
              <h2
                class="font-bold"
              >
                Holland & Barrett
              </h2>
            </div>
            <p
              class="text-sm max-w-xs"
            >
              <strong>
                Tech used: 
              </strong>
              React, Express, Next.js, Rest APIs, TypeScript, Redux, Node.js, Jest, Cypress
            </p>
          </div>
          <div
            class="-mb-12 -mx-10 md:mx-0 md:-mt-8 md:-mb-12 md:-mr-20"
          >
            <div
              class="relative inline-block w-auto"
            >
              <span
                style="box-sizing: border-box; display: inline-block; overflow: hidden; background: none; opacity: 1; border: 0px; margin: 0px; padding: 0px; position: relative; max-width: 100%;"
              >
                <span
                  style="box-sizing: border-box; display: block; background: none; opacity: 1; border: 0px; margin: 0px; padding: 0px; max-width: 100%;"
                >
                  <img
                    alt=""
                    aria-hidden="true"
                    src="data:image/svg+xml,%3csvg%20xmlns=%27http://www.w3.org/2000/svg%27%20version=%271.1%27%20width=%27475%27%20height=%27275%27/%3e"
                    style="display: block; max-width: 100%; background: none; opacity: 1; border: 0px; margin: 0px; padding: 0px;"
                  />
                </span>
                <img
                  alt="Subscriptions Service"
                  data-nimg="intrinsic"
                  decoding="async"
                  src="data:image/gif;base64,R0lGODlhAQABAIAAAAAAAP///yH5BAEAAAAALAAAAAABAAEAAAIBRAA7"
                  style="position: absolute; top: 0px; left: 0px; bottom: 0px; right: 0px; box-sizing: border-box; padding: 0px; margin: auto; display: block; width: 0px; height: 0px; min-width: 100%; max-width: 100%; min-height: 100%; max-height: 100%;"
                />
                <noscript />
              </span>
              <div
                class="absolute w-1/2 top-0 left-12 md:left-20 z-30 animate-hover"
              >
                <span
                  style="box-sizing: border-box; display: inline-block; overflow: hidden; background: none; opacity: 1; border: 0px; margin: 0px; padding: 0px; position: relative; max-width: 100%;"
                >
                  <span
                    style="box-sizing: border-box; display: block; background: none; opacity: 1; border: 0px; margin: 0px; padding: 0px; max-width: 100%;"
                  >
                    <img
                      alt=""
                      aria-hidden="true"
                      src="data:image/svg+xml,%3csvg%20xmlns=%27http://www.w3.org/2000/svg%27%20version=%271.1%27%20width=%27330%27%20height=%27210%27/%3e"
                      style="display: block; max-width: 100%; background: none; opacity: 1; border: 0px; margin: 0px; padding: 0px;"
                    />
                  </span>
                  <img
                    alt="Subscriptions Service"
                    data-nimg="intrinsic"
                    decoding="async"
                    src="data:image/gif;base64,R0lGODlhAQABAIAAAAAAAP///yH5BAEAAAAALAAAAAABAAEAAAIBRAA7"
                    style="position: absolute; top: 0px; left: 0px; bottom: 0px; right: 0px; box-sizing: border-box; padding: 0px; margin: auto; display: block; width: 0px; height: 0px; min-width: 100%; max-width: 100%; min-height: 100%; max-height: 100%;"
                  />
                  <noscript />
                </span>
              </div>
              <div
                class="absolute w-1/2 bottom-0 right-12 md:right-20 z-30 animate-hover animation-delay"
              >
                <span
                  style="box-sizing: border-box; display: inline-block; overflow: hidden; background: none; opacity: 1; border: 0px; margin: 0px; padding: 0px; position: relative; max-width: 100%;"
                >
                  <span
                    style="box-sizing: border-box; display: block; background: none; opacity: 1; border: 0px; margin: 0px; padding: 0px; max-width: 100%;"
                  >
                    <img
                      alt=""
                      aria-hidden="true"
                      src="data:image/svg+xml,%3csvg%20xmlns=%27http://www.w3.org/2000/svg%27%20version=%271.1%27%20width=%27330%27%20height=%27210%27/%3e"
                      style="display: block; max-width: 100%; background: none; opacity: 1; border: 0px; margin: 0px; padding: 0px;"
                    />
                  </span>
                  <img
                    alt="Subscriptions Service"
                    data-nimg="intrinsic"
                    decoding="async"
                    src="data:image/gif;base64,R0lGODlhAQABAIAAAAAAAP///yH5BAEAAAAALAAAAAABAAEAAAIBRAA7"
                    style="position: absolute; top: 0px; left: 0px; bottom: 0px; right: 0px; box-sizing: border-box; padding: 0px; margin: auto; display: block; width: 0px; height: 0px; min-width: 100%; max-width: 100%; min-height: 100%; max-height: 100%;"
                  />
                  <noscript />
                </span>
              </div>
            </div>
          </div>
        </div>
      </div>
    </a>
  </article>
</div>
`;
