// Jest Snapshot v1, https://goo.gl/fbAQLP

exports[`Box renders correctly 1`] = `
<div>
  <div
    class="md:w-10/12 px-8 py-6 rounded-3xl glass-light dark:glass-dark mb-6 drop-shadow-lg hover:drop-shadow-2xl transition-all"
  >
    Hello Box
  </div>
</div>
`;
