// Jest Snapshot v1, https://goo.gl/fbAQLP

exports[`Container renders correctly 1`] = `
<div>
  <div
    class="styles__StyledContainer-mepagl-0 exxZos"
  >
    Page Content
  </div>
</div>
`;
