// Jest Snapshot v1, https://goo.gl/fbAQLP

exports[`renders correctly 1`] = `
.c0 {
  color: #e94e1b;
}

<span
  class="c0"
>
  Highlighted text
</span>
`;
